// Jest Snapshot v1, https://goo.gl/fbAQLP

exports[`Pruebas en <GitItem /> debe de mostrar el componente correctamente 1`] = `
<div>
  <div
    class="card"
  >
    <img
      alt="Un titulo"
      src="https://localhost/algo.jpg"
    />
    <p>
      Un titulo
       
    </p>
  </div>
</div>
`;
